{
  "version": "1.5.0",
  "plugins_used": [
    {
      "name": "ArtifactoryDetector"
    },
    {
      "name": "AWSKeyDetector"
    },
    {
      "name": "AzureStorageKeyDetector"
    },
    {
      "name": "Base64HighEntropyString",
      "limit": 4.5
    },
    {
      "name": "BasicAuthDetector"
    },
    {
      "name": "CloudantDetector"
    },
    {
      "name": "DiscordBotTokenDetector"
    },
    {
      "name": "GitHubTokenDetector"
    },
    {
      "name": "GitLabTokenDetector"
    },
    {
      "name": "HexHighEntropyString",
      "limit": 3.0
    },
    {
      "name": "IbmCloudIamDetector"
    },
    {
      "name": "IbmCosHmacDetector"
    },
    {
      "name": "IPPublicDetector"
    },
    {
      "name": "JwtTokenDetector"
    },
    {
      "name": "KeywordDetector",
      "keyword_exclude": ""
    },
    {
      "name": "MailchimpDetector"
    },
    {
      "name": "NpmDetector"
    },
    {
      "name": "OpenAIDetector"
    },
    {
      "name": "PrivateKeyDetector"
    },
    {
      "name": "PypiTokenDetector"
    },
    {
      "name": "SendGridDetector"
    },
    {
      "name": "SlackDetector"
    },
    {
      "name": "SoftlayerDetector"
    },
    {
      "name": "SquareOAuthDetector"
    },
    {
      "name": "StripeDetector"
    },
    {
      "name": "TelegramBotTokenDetector"
    },
    {
      "name": "TwilioKeyDetector"
    }
  ],
  "filters_used": [
    {
      "path": "detect_secrets.filters.allowlist.is_line_allowlisted"
    },
    {
      "path": "detect_secrets.filters.common.is_baseline_file",
      "filename": ".secrets.baseline"
    },
    {
      "path": "detect_secrets.filters.common.is_ignored_due_to_verification_policies",
      "min_level": 2
    },
    {
      "path": "detect_secrets.filters.heuristic.is_indirect_reference"
    },
    {
      "path": "detect_secrets.filters.heuristic.is_likely_id_string"
    },
    {
      "path": "detect_secrets.filters.heuristic.is_lock_file"
    },
    {
      "path": "detect_secrets.filters.heuristic.is_not_alphanumeric_string"
    },
    {
      "path": "detect_secrets.filters.heuristic.is_potential_uuid"
    },
    {
      "path": "detect_secrets.filters.heuristic.is_prefixed_with_dollar_sign"
    },
    {
      "path": "detect_secrets.filters.heuristic.is_sequential_string"
    },
    {
      "path": "detect_secrets.filters.heuristic.is_swagger_file"
    },
    {
      "path": "detect_secrets.filters.heuristic.is_templated_secret"
    },
    {
      "path": "detect_secrets.filters.regex.should_exclude_file",
      "pattern": [
        "\\.secrets\\.baseline$",
        ".*\\.lock$",
        ".*/migrations/.*",
        "docs/archive/.*",
        "beamax_app/.*",
        "frontend/.*",
        "mobile/.*",
        ".*\\.min\\.(js|css)$",
        "README\\.md",
        "ARCHITECTURE\\.md",
        "core/_legacy/README\\.md",
        "orchestrate-cli/.*",
        "orchestrate-mobile/.*",
        "tests/.*"
      ]
    }
  ],
  "results": {
    ".env.example": [
      {
        "type": "Basic Auth Credentials",
        "filename": ".env.example",
        "hashed_secret": "8653f8b22ce2fa27268abe807ebcfda2f31a2d60",
        "is_verified": false,
        "line_number": 81
      }
    ],
    ".github\\workflows\\ci.yml": [
      {
        "type": "Secret Keyword",
        "filename": ".github\\workflows\\ci.yml",
        "hashed_secret": "7288edd0fc3ffcbe93a0cf06e3568e28521687bc",
        "is_verified": false,
        "line_number": 40
      },
      {
        "type": "Basic Auth Credentials",
        "filename": ".github\\workflows\\ci.yml",
        "hashed_secret": "7288edd0fc3ffcbe93a0cf06e3568e28521687bc",
        "is_verified": false,
        "line_number": 101
      }
    ],
    ".gitleaks.toml": [
      {
        "type": "Hex High Entropy String",
        "filename": ".gitleaks.toml",
        "hashed_secret": "f396a95f1607a069bf83bd73079ba6063c9e35d8",
        "is_verified": false,
        "line_number": 23
      },
      {
        "type": "Hex High Entropy String",
        "filename": ".gitleaks.toml",
        "hashed_secret": "384742119e86cfbdcecd193c1e8594b2b909680b",
        "is_verified": false,
        "line_number": 24
      }
    ],
    "beamax_app\\lib\\services\\session_manager.dart": [
      {
        "type": "Secret Keyword",
        "filename": "beamax_app\\lib\\services\\session_manager.dart",
        "hashed_secret": "3b7788040fa0568da9e2b9833ecafec090669b5f",
        "is_verified": false,
        "line_number": 27
      }
    ],
    "config\\settings.py": [
      {
        "type": "Secret Keyword",
        "filename": "config\\settings.py",
        "hashed_secret": "a5c01e694764bcf09315443c6476e283e6f77906",
        "is_verified": false,
        "line_number": 343
      }
    ],
    "core\\browser\\browser_policy.py": [
      {
        "type": "Secret Keyword",
        "filename": "core\\browser\\browser_policy.py",
        "hashed_secret": "c4812fa1099a4ef1227c7c0a350fb16c8d8560e3",
        "is_verified": false,
        "line_number": 34
      }
    ],
    "core\\business\\mvp_generator.py": [
      {
        "type": "Secret Keyword",
        "filename": "core\\business\\mvp_generator.py",
        "hashed_secret": "f9924f5033fb6298ff838bef1653f3c1b6089015",
        "is_verified": false,
        "line_number": 182
      }
    ],
    "core\\memory_graph\\graph_schema.py": [
      {
        "type": "Secret Keyword",
        "filename": "core\\memory_graph\\graph_schema.py",
        "hashed_secret": "e5e9fa1ba31ecd1ae84f75caaa474f3a663f05f4",
        "is_verified": false,
        "line_number": 24
      },
      {
        "type": "Secret Keyword",
        "filename": "core\\memory_graph\\graph_schema.py",
        "hashed_secret": "be3e6220e454e9fa096f44253b9ef15c0d6af2c0",
        "is_verified": false,
        "line_number": 48
      }
    ],
    "core\\security\\secret_policy.py": [
      {
        "type": "Secret Keyword",
        "filename": "core\\security\\secret_policy.py",
        "hashed_secret": "665b1e3851eefefa3fb878654292f16597d25155",
        "is_verified": false,
        "line_number": 49
      },
      {
        "type": "Secret Keyword",
        "filename": "core\\security\\secret_policy.py",
        "hashed_secret": "26eae588d0859648be8edcf9cd2cf19bbdfacd43",
        "is_verified": false,
        "line_number": 52
      }
    ],
    "core\\security\\secret_vault.py": [
      {
        "type": "Secret Keyword",
        "filename": "core\\security\\secret_vault.py",
        "hashed_secret": "71125121f1e9f9d21568296731847f2dc117251e",
        "is_verified": false,
        "line_number": 208
      }
    ],
    "core\\self_model\\model.py": [
      {
        "type": "Secret Keyword",
        "filename": "core\\self_model\\model.py",
        "hashed_secret": "6b7a104161308e9a26529c6493e48c95e6896595",
        "is_verified": false,
        "line_number": 37
      }
    ],
    "core\\skills\\security_skill_router.py": [
      {
        "type": "Secret Keyword",
        "filename": "core\\skills\\security_skill_router.py",
        "hashed_secret": "cd93e249cd78c1c4ac43875ec97a0cfcc5b519ff",
        "is_verified": false,
        "line_number": 40
      }
    ],
    "docs\\archive\\CACHE_THROUGH_IMPLEMENTATION.md": [
      {
        "type": "Basic Auth Credentials",
        "filename": "docs\\archive\\CACHE_THROUGH_IMPLEMENTATION.md",
        "hashed_secret": "9d4e1e23bd5b727046a9e3b4b7db57bd8d6ee684",
        "is_verified": false,
        "line_number": 121
      },
      {
        "type": "Basic Auth Credentials",
        "filename": "docs\\archive\\CACHE_THROUGH_IMPLEMENTATION.md",
        "hashed_secret": "5baa61e4c9b93f3f0682250b6cf8331b7ee68fd8",
        "is_verified": false,
        "line_number": 228
      }
    ],
    "docs\\archive\\CACHE_THROUGH_QUICK_START.md": [
      {
        "type": "Basic Auth Credentials",
        "filename": "docs\\archive\\CACHE_THROUGH_QUICK_START.md",
        "hashed_secret": "9d4e1e23bd5b727046a9e3b4b7db57bd8d6ee684",
        "is_verified": false,
        "line_number": 24
      }
    ],
    "docs\\archive\\POSTGRES_INTEGRATION_QUICKREF.txt": [
      {
        "type": "Basic Auth Credentials",
        "filename": "docs\\archive\\POSTGRES_INTEGRATION_QUICKREF.txt",
        "hashed_secret": "9d4e1e23bd5b727046a9e3b4b7db57bd8d6ee684",
        "is_verified": false,
        "line_number": 29
      }
    ],
    "memory\\postgres_backend.py": [
      {
        "type": "Basic Auth Credentials",
        "filename": "memory\\postgres_backend.py",
        "hashed_secret": "9d4e1e23bd5b727046a9e3b4b7db57bd8d6ee684",
        "is_verified": false,
        "line_number": 52
      }
    ],
    "orchestrate-cli\\config\\orchestrate.yaml": [
      {
        "type": "Secret Keyword",
        "filename": "orchestrate-cli\\config\\orchestrate.yaml",
        "hashed_secret": "27b924db06a28cc755fb07c54f0fddc30659fe4d",
        "is_verified": false,
        "line_number": 360
      }
    ],
    "plugins\\stripe\\stripe_plugin.py": [
      {
        "type": "Secret Keyword",
        "filename": "plugins\\stripe\\stripe_plugin.py",
        "hashed_secret": "d6a63efeed5e4e7fd8f99bbf2d037b643c0ceacb",
        "is_verified": false,
        "line_number": 87
      }
    ],
    "reports\\private_beta\\private_beta_gate_result.json": [
      {
        "type": "Hex High Entropy String",
        "filename": "reports\\private_beta\\private_beta_gate_result.json",
        "hashed_secret": "5e12d2133339eb3a8090ff6e83bd23daa0cb8be8",
        "is_verified": false,
        "line_number": 2
      }
    ],
    "tests\\test_auth_routes_v2_flag.py": [
      {
        "type": "Secret Keyword",
        "filename": "tests\\test_auth_routes_v2_flag.py",
        "hashed_secret": "74ca7ec5cee72fd659927923d2297cc05aceea3b",
        "is_verified": false,
        "line_number": 61
      },
      {
        "type": "Secret Keyword",
        "filename": "tests\\test_auth_routes_v2_flag.py",
        "hashed_secret": "6809ffccad03b80fa1fbc32c17e7e054805ec30b",
        "is_verified": false,
        "line_number": 96
      }
    ],
    "tests\\test_openrouter_routing.py": [
      {
        "type": "Secret Keyword",
        "filename": "tests\\test_openrouter_routing.py",
        "hashed_secret": "62d6888db8d84800cab0b2c042a54aee1bcc7f27",
        "is_verified": false,
        "line_number": 63
      }
    ],
    "tests\\test_plugin_signatures.py": [
      {
        "type": "Secret Keyword",
        "filename": "tests\\test_plugin_signatures.py",
        "hashed_secret": "fe1bae27cb7c1fb823f496f286e78f1d2ae87734",
        "is_verified": false,
        "line_number": 50
      }
    ],
    "tests\\test_self_improvement_v3.py": [
      {
        "type": "Secret Keyword",
        "filename": "tests\\test_self_improvement_v3.py",
        "hashed_secret": "dfdf1edb8024b862c702356bc84f57f8b0df9291",
        "is_verified": false,
        "line_number": 565
      }
    ],
    "tests\\test_skill_llm.py": [
      {
        "type": "Secret Keyword",
        "filename": "tests\\test_skill_llm.py",
        "hashed_secret": "69dba6dfc0be932d10cdbfaae770c300cd7e0e3c",
        "is_verified": false,
        "line_number": 34
      }
    ],
    "tools\\browser\\scraper.py": [
      {
        "type": "Secret Keyword",
        "filename": "tools\\browser\\scraper.py",
        "hashed_secret": "e5e9fa1ba31ecd1ae84f75caaa474f3a663f05f4",
        "is_verified": false,
        "line_number": 114
      }
    ]
  },
  "generated_at": "2026-06-29T23:18:18Z"
}
