{
  "version": "1.5.0",
  "plugins_used": [
    {
      "name": "ArtifactoryDetector"
    },
    {
      "name": "AWSKeyDetector"
    },
    {
      "name": "AzureStorageKeyDetector"
    },
    {
      "name": "Base64HighEntropyString",
      "limit": 4.5
    },
    {
      "name": "BasicAuthDetector"
    },
    {
      "name": "CloudantDetector"
    },
    {
      "name": "DiscordBotTokenDetector"
    },
    {
      "name": "GitHubTokenDetector"
    },
    {
      "name": "GitLabTokenDetector"
    },
    {
      "name": "HexHighEntropyString",
      "limit": 3.0
    },
    {
      "name": "IbmCloudIamDetector"
    },
    {
      "name": "IbmCosHmacDetector"
    },
    {
      "name": "IPPublicDetector"
    },
    {
      "name": "JwtTokenDetector"
    },
    {
      "name": "KeywordDetector",
      "keyword_exclude": ""
    },
    {
      "name": "MailchimpDetector"
    },
    {
      "name": "NpmDetector"
    },
    {
      "name": "OpenAIDetector"
    },
    {
      "name": "PrivateKeyDetector"
    },
    {
      "name": "PypiTokenDetector"
    },
    {
      "name": "SendGridDetector"
    },
    {
      "name": "SlackDetector"
    },
    {
      "name": "SoftlayerDetector"
    },
    {
      "name": "SquareOAuthDetector"
    },
    {
      "name": "StripeDetector"
    },
    {
      "name": "TelegramBotTokenDetector"
    },
    {
      "name": "TwilioKeyDetector"
    }
  ],
  "filters_used": [
    {
      "path": "detect_secrets.filters.allowlist.is_line_allowlisted"
    },
    {
      "path": "detect_secrets.filters.common.is_baseline_file",
      "filename": ".secrets.baseline"
    },
    {
      "path": "detect_secrets.filters.common.is_ignored_due_to_verification_policies",
      "min_level": 2
    },
    {
      "path": "detect_secrets.filters.heuristic.is_indirect_reference"
    },
    {
      "path": "detect_secrets.filters.heuristic.is_likely_id_string"
    },
    {
      "path": "detect_secrets.filters.heuristic.is_lock_file"
    },
    {
      "path": "detect_secrets.filters.heuristic.is_not_alphanumeric_string"
    },
    {
      "path": "detect_secrets.filters.heuristic.is_potential_uuid"
    },
    {
      "path": "detect_secrets.filters.heuristic.is_prefixed_with_dollar_sign"
    },
    {
      "path": "detect_secrets.filters.heuristic.is_sequential_string"
    },
    {
      "path": "detect_secrets.filters.heuristic.is_swagger_file"
    },
    {
      "path": "detect_secrets.filters.heuristic.is_templated_secret"
    },
    {
      "path": "detect_secrets.filters.regex.should_exclude_file",
      "pattern": [
        "^(\\.git/|docs/archive/|jarvismax_app/|frontend/|mobile/|.*\\.lock$|.*\\.min\\.(js|css)$|.*/migrations/.*|\\.coverage$)"
      ]
    }
  ],
  "results": {
    ".env.example": [
      {
        "type": "Basic Auth Credentials",
        "filename": ".env.example",
        "hashed_secret": "8653f8b22ce2fa27268abe807ebcfda2f31a2d60",
        "is_verified": false,
        "line_number": 46
      }
    ],
    ".github/workflows/ci.yml": [
      {
        "type": "Secret Keyword",
        "filename": ".github/workflows/ci.yml",
        "hashed_secret": "7288edd0fc3ffcbe93a0cf06e3568e28521687bc",
        "is_verified": false,
        "line_number": 19
      },
      {
        "type": "Basic Auth Credentials",
        "filename": ".github/workflows/ci.yml",
        "hashed_secret": "7288edd0fc3ffcbe93a0cf06e3568e28521687bc",
        "is_verified": false,
        "line_number": 66
      }
    ],
    "api/_deps.py": [
      {
        "type": "Secret Keyword",
        "filename": "api/_deps.py",
        "hashed_secret": "a5c01e694764bcf09315443c6476e283e6f77906",
        "is_verified": false,
        "line_number": 147
      },
      {
        "type": "Basic Auth Credentials",
        "filename": "api/_deps.py",
        "hashed_secret": "9d4e1e23bd5b727046a9e3b4b7db57bd8d6ee684",
        "is_verified": false,
        "line_number": 294
      }
    ],
    "business/README.md": [
      {
        "type": "Secret Keyword",
        "filename": "business/README.md",
        "hashed_secret": "0bd236540b3fbc3c568f3abf80895e259f4d6869",
        "is_verified": false,
        "line_number": 147
      },
      {
        "type": "Secret Keyword",
        "filename": "business/README.md",
        "hashed_secret": "524d309532abbd1e40d87fb6eeab0e187afa9764",
        "is_verified": false,
        "line_number": 211
      }
    ],
    "business/automation/product_builder.py": [
      {
        "type": "Basic Auth Credentials",
        "filename": "business/automation/product_builder.py",
        "hashed_secret": "9d4e1e23bd5b727046a9e3b4b7db57bd8d6ee684",
        "is_verified": false,
        "line_number": 482
      }
    ],
    "config/settings.py": [
      {
        "type": "Secret Keyword",
        "filename": "config/settings.py",
        "hashed_secret": "a5c01e694764bcf09315443c6476e283e6f77906",
        "is_verified": false,
        "line_number": 285
      }
    ],
    "core/browser/browser_policy.py": [
      {
        "type": "Secret Keyword",
        "filename": "core/browser/browser_policy.py",
        "hashed_secret": "c4812fa1099a4ef1227c7c0a350fb16c8d8560e3",
        "is_verified": false,
        "line_number": 35
      }
    ],
    "core/business/mvp_generator.py": [
      {
        "type": "Secret Keyword",
        "filename": "core/business/mvp_generator.py",
        "hashed_secret": "f9924f5033fb6298ff838bef1653f3c1b6089015",
        "is_verified": false,
        "line_number": 175
      }
    ],
    "core/memory_graph/graph_schema.py": [
      {
        "type": "Secret Keyword",
        "filename": "core/memory_graph/graph_schema.py",
        "hashed_secret": "e5e9fa1ba31ecd1ae84f75caaa474f3a663f05f4",
        "is_verified": false,
        "line_number": 24
      },
      {
        "type": "Secret Keyword",
        "filename": "core/memory_graph/graph_schema.py",
        "hashed_secret": "be3e6220e454e9fa096f44253b9ef15c0d6af2c0",
        "is_verified": false,
        "line_number": 48
      }
    ],
    "core/modules/module_governance.py": [
      {
        "type": "Secret Keyword",
        "filename": "core/modules/module_governance.py",
        "hashed_secret": "7ca6189078ef2a448ee7341575b5526c259915b9",
        "is_verified": false,
        "line_number": 398
      }
    ],
    "core/security/secret_policy.py": [
      {
        "type": "Secret Keyword",
        "filename": "core/security/secret_policy.py",
        "hashed_secret": "665b1e3851eefefa3fb878654292f16597d25155",
        "is_verified": false,
        "line_number": 49
      },
      {
        "type": "Secret Keyword",
        "filename": "core/security/secret_policy.py",
        "hashed_secret": "26eae588d0859648be8edcf9cd2cf19bbdfacd43",
        "is_verified": false,
        "line_number": 52
      }
    ],
    "core/security/secret_vault.py": [
      {
        "type": "Secret Keyword",
        "filename": "core/security/secret_vault.py",
        "hashed_secret": "71125121f1e9f9d21568296731847f2dc117251e",
        "is_verified": false,
        "line_number": 210
      }
    ],
    "core/self_model/model.py": [
      {
        "type": "Secret Keyword",
        "filename": "core/self_model/model.py",
        "hashed_secret": "6b7a104161308e9a26529c6493e48c95e6896595",
        "is_verified": false,
        "line_number": 37
      }
    ],
    "core/skills/security_skill_router.py": [
      {
        "type": "Secret Keyword",
        "filename": "core/skills/security_skill_router.py",
        "hashed_secret": "cd93e249cd78c1c4ac43875ec97a0cfcc5b519ff",
        "is_verified": false,
        "line_number": 40
      }
    ],
    "docs/CACHE_THROUGH_IMPLEMENTATION.md": [
      {
        "type": "Basic Auth Credentials",
        "filename": "docs/CACHE_THROUGH_IMPLEMENTATION.md",
        "hashed_secret": "9d4e1e23bd5b727046a9e3b4b7db57bd8d6ee684",
        "is_verified": false,
        "line_number": 121
      },
      {
        "type": "Basic Auth Credentials",
        "filename": "docs/CACHE_THROUGH_IMPLEMENTATION.md",
        "hashed_secret": "5baa61e4c9b93f3f0682250b6cf8331b7ee68fd8",
        "is_verified": false,
        "line_number": 228
      }
    ],
    "docs/CACHE_THROUGH_QUICK_START.md": [
      {
        "type": "Basic Auth Credentials",
        "filename": "docs/CACHE_THROUGH_QUICK_START.md",
        "hashed_secret": "9d4e1e23bd5b727046a9e3b4b7db57bd8d6ee684",
        "is_verified": false,
        "line_number": 24
      }
    ],
    "docs/DEPLOYMENT_GUIDE.md": [
      {
        "type": "Basic Auth Credentials",
        "filename": "docs/DEPLOYMENT_GUIDE.md",
        "hashed_secret": "7a56b17229d2e879fba210f5a270cbb1b035d580",
        "is_verified": false,
        "line_number": 59
      }
    ],
    "docs/PRODUCTION_READINESS_REPORT.md": [
      {
        "type": "Basic Auth Credentials",
        "filename": "docs/PRODUCTION_READINESS_REPORT.md",
        "hashed_secret": "9d4e1e23bd5b727046a9e3b4b7db57bd8d6ee684",
        "is_verified": false,
        "line_number": 293
      }
    ],
    "docs/TASK_COMPLETION_SUMMARY.md": [
      {
        "type": "Basic Auth Credentials",
        "filename": "docs/TASK_COMPLETION_SUMMARY.md",
        "hashed_secret": "9d4e1e23bd5b727046a9e3b4b7db57bd8d6ee684",
        "is_verified": false,
        "line_number": 282
      },
      {
        "type": "Basic Auth Credentials",
        "filename": "docs/TASK_COMPLETION_SUMMARY.md",
        "hashed_secret": "5baa61e4c9b93f3f0682250b6cf8331b7ee68fd8",
        "is_verified": false,
        "line_number": 297
      }
    ],
    "mcp/hexstrike-ai/hexstrike_server.py": [
      {
        "type": "Base64 High Entropy String",
        "filename": "mcp/hexstrike-ai/hexstrike_server.py",
        "hashed_secret": "e7db432eff9419a58eb38fee6575f01f87689553",
        "is_verified": false,
        "line_number": 8225
      },
      {
        "type": "Secret Keyword",
        "filename": "mcp/hexstrike-ai/hexstrike_server.py",
        "hashed_secret": "8867c88b56e0bfb82cffaf15a66bc8d107d6754a",
        "is_verified": false,
        "line_number": 8304
      }
    ],
    "memory/postgres_backend.py": [
      {
        "type": "Basic Auth Credentials",
        "filename": "memory/postgres_backend.py",
        "hashed_secret": "9d4e1e23bd5b727046a9e3b4b7db57bd8d6ee684",
        "is_verified": false,
        "line_number": 41
      }
    ],
    "scripts/configure_api_keys.sh": [
      {
        "type": "Basic Auth Credentials",
        "filename": "scripts/configure_api_keys.sh",
        "hashed_secret": "af0e7b1845abe3edb843181fbe51da2cafcfacda",
        "is_verified": false,
        "line_number": 44
      }
    ],
    "tests/test_cognitive_security.py": [
      {
        "type": "Secret Keyword",
        "filename": "tests/test_cognitive_security.py",
        "hashed_secret": "cba7d8d926ee837cf3f92636a6d1cd0eb397db64",
        "is_verified": false,
        "line_number": 31
      },
      {
        "type": "Secret Keyword",
        "filename": "tests/test_cognitive_security.py",
        "hashed_secret": "f3bbbd66a63d4bf1747940578ec3d0103530e21d",
        "is_verified": false,
        "line_number": 35
      },
      {
        "type": "Secret Keyword",
        "filename": "tests/test_cognitive_security.py",
        "hashed_secret": "e361a4dcd7366a47be1c7f3e3109514af3385633",
        "is_verified": false,
        "line_number": 52
      }
    ],
    "tests/test_critical_wiring.py": [
      {
        "type": "Secret Keyword",
        "filename": "tests/test_critical_wiring.py",
        "hashed_secret": "06b1af390c3f5aaa7cc935e871241036d347e4f5",
        "is_verified": false,
        "line_number": 80
      }
    ],
    "tests/test_execution_layer.py": [
      {
        "type": "Secret Keyword",
        "filename": "tests/test_execution_layer.py",
        "hashed_secret": "e2561ed7378b00958fdf45a55d5fa74850309571",
        "is_verified": false,
        "line_number": 424
      }
    ],
    "tests/test_execution_reliability.py": [
      {
        "type": "Secret Keyword",
        "filename": "tests/test_execution_reliability.py",
        "hashed_secret": "0f52cda5f64eaff5008a47d4ac1ddd4c0bb11d62",
        "is_verified": false,
        "line_number": 408
      }
    ],
    "tests/test_extension_registry.py": [
      {
        "type": "Secret Keyword",
        "filename": "tests/test_extension_registry.py",
        "hashed_secret": "59db85718c97565baccfdc97399b359640ad2eff",
        "is_verified": false,
        "line_number": 123
      }
    ],
    "tests/test_hardening_pass2.py": [
      {
        "type": "Secret Keyword",
        "filename": "tests/test_hardening_pass2.py",
        "hashed_secret": "b163cd95147d2ef77ec68557966cd3c037ffb772",
        "is_verified": false,
        "line_number": 56
      },
      {
        "type": "Secret Keyword",
        "filename": "tests/test_hardening_pass2.py",
        "hashed_secret": "b3ff931bfd0bf0a4e496e97b58a700f8fd166dfb",
        "is_verified": false,
        "line_number": 68
      },
      {
        "type": "Secret Keyword",
        "filename": "tests/test_hardening_pass2.py",
        "hashed_secret": "319b1442574911a6b2c8da1cf47fca98a79ee373",
        "is_verified": false,
        "line_number": 82
      },
      {
        "type": "Secret Keyword",
        "filename": "tests/test_hardening_pass2.py",
        "hashed_secret": "a5c01e694764bcf09315443c6476e283e6f77906",
        "is_verified": false,
        "line_number": 91
      },
      {
        "type": "Hex High Entropy String",
        "filename": "tests/test_hardening_pass2.py",
        "hashed_secret": "f8720e4043718d829739cfabe6d0781ffc954be6",
        "is_verified": false,
        "line_number": 101
      },
      {
        "type": "Secret Keyword",
        "filename": "tests/test_hardening_pass2.py",
        "hashed_secret": "f8720e4043718d829739cfabe6d0781ffc954be6",
        "is_verified": false,
        "line_number": 101
      },
      {
        "type": "Secret Keyword",
        "filename": "tests/test_hardening_pass2.py",
        "hashed_secret": "a94a8fe5ccb19ba61c4c0873d391e987982fbbd3",
        "is_verified": false,
        "line_number": 113
      },
      {
        "type": "Secret Keyword",
        "filename": "tests/test_hardening_pass2.py",
        "hashed_secret": "1ded3053d0363079a4e681a3b700435d6d880290",
        "is_verified": false,
        "line_number": 124
      },
      {
        "type": "Secret Keyword",
        "filename": "tests/test_hardening_pass2.py",
        "hashed_secret": "da317b90d73c1976e150c37bad72324cf24c4a0a",
        "is_verified": false,
        "line_number": 137
      }
    ],
    "tests/test_huggingface.py": [
      {
        "type": "Secret Keyword",
        "filename": "tests/test_huggingface.py",
        "hashed_secret": "e4972746b3f8995d8e746f1b81e779bd73b045bf",
        "is_verified": false,
        "line_number": 48
      }
    ],
    "tests/test_mcp_registry.py": [
      {
        "type": "Secret Keyword",
        "filename": "tests/test_mcp_registry.py",
        "hashed_secret": "e673920b7e2660b157b1e094c31d812a188b8c6e",
        "is_verified": false,
        "line_number": 232
      }
    ],
    "tests/test_openrouter_routing.py": [
      {
        "type": "Secret Keyword",
        "filename": "tests/test_openrouter_routing.py",
        "hashed_secret": "62d6888db8d84800cab0b2c042a54aee1bcc7f27",
        "is_verified": false,
        "line_number": 63
      }
    ],
    "tests/test_postgres_integration.py": [
      {
        "type": "Basic Auth Credentials",
        "filename": "tests/test_postgres_integration.py",
        "hashed_secret": "9d4e1e23bd5b727046a9e3b4b7db57bd8d6ee684",
        "is_verified": false,
        "line_number": 15
      }
    ],
    "tests/test_production_hardening_p34.py": [
      {
        "type": "Secret Keyword",
        "filename": "tests/test_production_hardening_p34.py",
        "hashed_secret": "a5c01e694764bcf09315443c6476e283e6f77906",
        "is_verified": false,
        "line_number": 72
      },
      {
        "type": "Secret Keyword",
        "filename": "tests/test_production_hardening_p34.py",
        "hashed_secret": "6710bf65fe3fb676761f540d7f0516bb599c7158",
        "is_verified": false,
        "line_number": 83
      },
      {
        "type": "Secret Keyword",
        "filename": "tests/test_production_hardening_p34.py",
        "hashed_secret": "51db2fc795c2af9c67161f503126119efb7bb3e0",
        "is_verified": false,
        "line_number": 124
      },
      {
        "type": "Secret Keyword",
        "filename": "tests/test_production_hardening_p34.py",
        "hashed_secret": "69dba6dfc0be932d10cdbfaae770c300cd7e0e3c",
        "is_verified": false,
        "line_number": 294
      },
      {
        "type": "Secret Keyword",
        "filename": "tests/test_production_hardening_p34.py",
        "hashed_secret": "fd9a45bc0b07706d849cf85021ecf9123fa83d82",
        "is_verified": false,
        "line_number": 304
      },
      {
        "type": "Secret Keyword",
        "filename": "tests/test_production_hardening_p34.py",
        "hashed_secret": "6b8f36db289d14c3c7ba1bb21147b7a4fa7e7536",
        "is_verified": false,
        "line_number": 314
      },
      {
        "type": "Secret Keyword",
        "filename": "tests/test_production_hardening_p34.py",
        "hashed_secret": "fe72967536aedcae9b1b1e4eaf2c53494e17a638",
        "is_verified": false,
        "line_number": 329
      }
    ],
    "tests/test_projects.py": [
      {
        "type": "Secret Keyword",
        "filename": "tests/test_projects.py",
        "hashed_secret": "1c58bd92003bbaa0538e249fff6ee19a270dec5f",
        "is_verified": false,
        "line_number": 20
      }
    ],
    "tests/test_self_improvement_execution.py": [
      {
        "type": "Base64 High Entropy String",
        "filename": "tests/test_self_improvement_execution.py",
        "hashed_secret": "9bd1cd33ebcfa11da97cd74129ea98b3642fd6ee",
        "is_verified": false,
        "line_number": 835
      },
      {
        "type": "Base64 High Entropy String",
        "filename": "tests/test_self_improvement_execution.py",
        "hashed_secret": "f7d0650a7a2c64ffe42fe936d69684eeaab80037",
        "is_verified": false,
        "line_number": 848
      }
    ],
    "tests/test_self_improvement_v3.py": [
      {
        "type": "Secret Keyword",
        "filename": "tests/test_self_improvement_v3.py",
        "hashed_secret": "dfdf1edb8024b862c702356bc84f57f8b0df9291",
        "is_verified": false,
        "line_number": 571
      }
    ],
    "tests/test_self_improvement_v3_integration.py": [
      {
        "type": "Base64 High Entropy String",
        "filename": "tests/test_self_improvement_v3_integration.py",
        "hashed_secret": "a9dca79d73e96b4d866598a9735000d28cfd9473",
        "is_verified": false,
        "line_number": 297
      },
      {
        "type": "Base64 High Entropy String",
        "filename": "tests/test_self_improvement_v3_integration.py",
        "hashed_secret": "8391a7ea0f4e3e93ca427df76ff16f3c7c1ecf12",
        "is_verified": false,
        "line_number": 308
      }
    ],
    "tests/test_skill_llm.py": [
      {
        "type": "Secret Keyword",
        "filename": "tests/test_skill_llm.py",
        "hashed_secret": "69dba6dfc0be932d10cdbfaae770c300cd7e0e3c",
        "is_verified": false,
        "line_number": 36
      }
    ],
    "tests/test_superagi_patterns.py": [
      {
        "type": "Secret Keyword",
        "filename": "tests/test_superagi_patterns.py",
        "hashed_secret": "159920628cb789601a3ef7859918baa2e9ea7d15",
        "is_verified": false,
        "line_number": 259
      },
      {
        "type": "Secret Keyword",
        "filename": "tests/test_superagi_patterns.py",
        "hashed_secret": "a761ce3a45d97e41840a788495e85a70d1bb3815",
        "is_verified": false,
        "line_number": 260
      },
      {
        "type": "GitHub Token",
        "filename": "tests/test_superagi_patterns.py",
        "hashed_secret": "e175c6f5f2a92e8623bd9a4820edb4e8c1b0fd10",
        "is_verified": false,
        "line_number": 261
      },
      {
        "type": "Secret Keyword",
        "filename": "tests/test_superagi_patterns.py",
        "hashed_secret": "9100a78f7b8e1a2733415ac8a4ced23d16693267",
        "is_verified": false,
        "line_number": 272
      },
      {
        "type": "Secret Keyword",
        "filename": "tests/test_superagi_patterns.py",
        "hashed_secret": "00f6d37e2c7a5ff2e6ee329cac9ec94dc028f52e",
        "is_verified": false,
        "line_number": 334
      },
      {
        "type": "Secret Keyword",
        "filename": "tests/test_superagi_patterns.py",
        "hashed_secret": "4d68c8f13459c0edb40504de5003ec2a6b74e613",
        "is_verified": false,
        "line_number": 402
      },
      {
        "type": "Secret Keyword",
        "filename": "tests/test_superagi_patterns.py",
        "hashed_secret": "24c5cf236c5b54453b7cc083c74a0adefc641a63",
        "is_verified": false,
        "line_number": 569
      }
    ],
    "tools/browser/scraper.py": [
      {
        "type": "Secret Keyword",
        "filename": "tools/browser/scraper.py",
        "hashed_secret": "e5e9fa1ba31ecd1ae84f75caaa474f3a663f05f4",
        "is_verified": false,
        "line_number": 114
      }
    ]
  },
  "generated_at": "2026-04-20T22:02:54Z"
}
